[33mThe CJS build of Vite's Node API is deprecated. See https://vite.dev/guide/troubleshooting.html#vite-cjs-node-api-deprecated for more details.[39m

[7m[1m[36m RUN [39m[22m[27m [36mv1.6.1[39m [90mC:/Users/91741/Desktop/webd_projects/compliance-platform/backend[39m

 [33m❯[39m tests/core/domain/services/RouteComparisonService.test.ts [2m ([22m[2m0 test[22m[2m)[22m
 [33m❯[39m tests/core/domain/services/BankingService.test.ts [2m ([22m[2m0 test[22m[2m)[22m
 [33m❯[39m tests/core/domain/services/PoolAllocator.test.ts [2m ([22m[2m0 test[22m[2m)[22m
 [33m❯[39m tests/core/domain/services/ComplianceCalculator.test.ts [2m ([22m[2m0 test[22m[2m)[22m

[31m⎯⎯⎯⎯⎯⎯[1m[7m Failed Suites 4 [27m[22m⎯⎯⎯⎯⎯⎯⎯[39m

[31m[1m[7m FAIL [27m[22m[39m tests/core/domain/services/BankingService.test.ts [2m[ tests/core/domain/services/BankingService.test.ts ][22m
[31m[1mError[22m: Failed to load url ../../../src/core/domain/services/BankingService (resolved id: ../../../src/core/domain/services/BankingService) in C:/Users/91741/Desktop/webd_projects/compliance-platform/backend/tests/core/domain/services/BankingService.test.ts. Does the file exist?[39m
[90m [2m❯[22m loadAndTransform node_modules/vite/dist/node/chunks/dep-BK3b2jBa.js:[2m51969:17[22m[39m

[31m[2m⎯⎯⎯⎯⎯⎯⎯⎯⎯⎯⎯⎯⎯⎯⎯⎯⎯⎯⎯⎯⎯⎯⎯⎯[1/4]⎯[22m[39m

[31m[1m[7m FAIL [27m[22m[39m tests/core/domain/services/ComplianceCalculator.test.ts [2m[ tests/core/domain/services/ComplianceCalculator.test.ts ][22m
[31m[1mError[22m: Failed to load url ../../../src/core/domain/value-objects (resolved id: ../../../src/core/domain/value-objects) in C:/Users/91741/Desktop/webd_projects/compliance-platform/backend/tests/core/domain/services/ComplianceCalculator.test.ts. Does the file exist?[39m
[90m [2m❯[22m loadAndTransform node_modules/vite/dist/node/chunks/dep-BK3b2jBa.js:[2m51969:17[22m[39m

[31m[2m⎯⎯⎯⎯⎯⎯⎯⎯⎯⎯⎯⎯⎯⎯⎯⎯⎯⎯⎯⎯⎯⎯⎯⎯[2/4]⎯[22m[39m

[31m[1m[7m FAIL [27m[22m[39m tests/core/domain/services/PoolAllocator.test.ts [2m[ tests/core/domain/services/PoolAllocator.test.ts ][22m
[31m[1mError[22m: Failed to load url ../../../src/core/domain/services/PoolAllocator (resolved id: ../../../src/core/domain/services/PoolAllocator) in C:/Users/91741/Desktop/webd_projects/compliance-platform/backend/tests/core/domain/services/PoolAllocator.test.ts. Does the file exist?[39m
[90m [2m❯[22m loadAndTransform node_modules/vite/dist/node/chunks/dep-BK3b2jBa.js:[2m51969:17[22m[39m

[31m[2m⎯⎯⎯⎯⎯⎯⎯⎯⎯⎯⎯⎯⎯⎯⎯⎯⎯⎯⎯⎯⎯⎯⎯⎯[3/4]⎯[22m[39m

[31m[1m[7m FAIL [27m[22m[39m tests/core/domain/services/RouteComparisonService.test.ts [2m[ tests/core/domain/services/RouteComparisonService.test.ts ][22m
[31m[1mError[22m: Failed to load url ../../../src/core/domain/services/RouteComparisonService (resolved id: ../../../src/core/domain/services/RouteComparisonService) in C:/Users/91741/Desktop/webd_projects/compliance-platform/backend/tests/core/domain/services/RouteComparisonService.test.ts. Does the file exist?[39m
[90m [2m❯[22m loadAndTransform node_modules/vite/dist/node/chunks/dep-BK3b2jBa.js:[2m51969:17[22m[39m

[31m[2m⎯⎯⎯⎯⎯⎯⎯⎯⎯⎯⎯⎯⎯⎯⎯⎯⎯⎯⎯⎯⎯⎯⎯⎯[4/4]⎯[22m[39m

[2m Test Files [22m [1m[31m4 failed[39m[22m[90m (4)[39m
[2m      Tests [22m [2mno tests[22m
[2m   Start at [22m 00:02:00
[2m   Duration [22m 582ms[2m (transform 124ms, setup 0ms, collect 0ms, tests 0ms, environment 1ms, prepare 913ms)[22m

